
> lunar-copernicus@0.1.0 build
> next build

Γû▓ Next.js 16.1.6 (Turbopack)
- Environments: .env.local, .env

  Creating an optimized production build ...
Γ£ô Compiled successfully in 4.9s
  Running TypeScript ...
node.exe : Failed to compile.
At line:1 char:1
+ & "C:\Program 
Files\nodejs/node.exe" "C:\Program 
Files\nodejs/node_mo ...
+ ~~~~~~~~~~~~~~~~~~~~~~~~~~~~~~~~~~
~~~~~~~~~~~~~~~~~~~~~~~~~~~~~~~~~~~
    + CategoryInfo          : NotSp 
   ecified: (Failed to compile.:St  
  ring) [], RemoteException
    + FullyQualifiedErrorId : Nativ 
   eCommandError
 

./src/app/training/attendance/page.t
sx:89:43
Type error: Property 'qr_token' 
does not exist on type 'Response'.

[0m [90m 87 |[39m         
[36mtry[39m {
 [90m 88 |[39m             
[36mconst[39m res [33m=[39m 
[36mawait[39m apiPost([32m'/api/t
raining/qr/global/rotate'[39m[33m,
[39m {})[33m;[39m
[31m[1m>[22m[39m[90m 89 |[39m 
            setGlobalQrModal({ 
token[33m:[39m 
res[33m.[39mqr_token })[33m;[39m
 [90m    |[39m                    
                       
[31m[1m^[22m[39m
 [90m 90 |[39m         } 
[36mcatch[39m {
 [90m 91 |[39m             
alert([32m'Failed to regenerate 
Global QR Code.'[39m)[33m;[39m
 [90m 92 |[39m         }[0m
Next.js build worker exited with 
code: 1 and signal: null
